### cargo fmt --all -- --check
exit=0
### cargo clippy --workspace --all-targets --all-features --locked -- -D warnings
[1m[92m    Updating[0m crates.io index
[1m[92m Downloading[0m crates ...
[1m[92m  Downloaded[0m itoa v1.0.18
[1m[92m  Downloaded[0m quote v1.0.47
[1m[92m  Downloaded[0m proc-macro2 v1.0.107
[1m[92m  Downloaded[0m serde v1.0.229
[1m[92m  Downloaded[0m zmij v1.0.23
[1m[92m  Downloaded[0m unicode-ident v1.0.24
[1m[92m  Downloaded[0m serde_derive v1.0.229
[1m[92m  Downloaded[0m serde_core v1.0.229
[1m[92m  Downloaded[0m memchr v2.8.3
[1m[92m  Downloaded[0m serde_json v1.0.151
[1m[92m  Downloaded[0m syn v3.0.4
[1m[92m    Checking[0m nova-source v0.1.0 (/home/runner/work/Nova/Nova/crates/nova-source)
[1m[92m    Checking[0m nova-int-semantics v0.1.0 (/home/runner/work/Nova/Nova/crates/nova-int-semantics)
[1m[92m   Compiling[0m proc-macro2 v1.0.107
[1m[92m   Compiling[0m unicode-ident v1.0.24
[1m[92m   Compiling[0m quote v1.0.47
[1m[92m   Compiling[0m serde_core v1.0.229
[1m[92m    Checking[0m nova-diagnostics v0.1.0 (/home/runner/work/Nova/Nova/crates/nova-diagnostics)
[1m[92m    Checking[0m nova-lexer v0.1.0 (/home/runner/work/Nova/Nova/crates/nova-lexer)
[1m[92m    Checking[0m nova-parser v0.1.0 (/home/runner/work/Nova/Nova/crates/nova-parser)
[1m[92m   Compiling[0m zmij v1.0.23
[1m[92m   Compiling[0m serde v1.0.229
[1m[92m    Checking[0m nova-sema v0.1.0 (/home/runner/work/Nova/Nova/crates/nova-sema)
[1m[92m   Compiling[0m serde_json v1.0.151
[1m[91merror[0m[1m: unused variable: `ty`[0m
    [1m[94m--> [0mcrates/nova-sema/src/analyzer.rs:1798:17
     [1m[94m|[0m
[1m[94m1798[0m [1m[94m|[0m             let ty = if payload_never {
     [1m[94m|[0m                 [1m[91m^^[0m [1m[91mhelp: if this is intentional, prefix it with an underscore: `_ty`[0m
     [1m[94m|[0m
     [1m[94m= [0m[1mnote[0m: `-D unused-variables` implied by `-D warnings`
     [1m[94m= [0m[1mhelp[0m: to override `-D warnings` add `#[allow(unused_variables)]`

[1m[92m   Compiling[0m syn v3.0.4
[1m[91merror[E0004][0m[1m: non-exhaustive patterns: `&hir::Type::UInt` not covered[0m
    [1m[94m--> [0mcrates/nova-sema/src/constant_condition.rs:1507:11
     [1m[94m|[0m
[1m[94m1507[0m [1m[94m|[0m     match &expression.ty {
     [1m[94m|[0m           [1m[91m^^^^^^^^^^^^^^[0m [1m[91mpattern `&hir::Type::UInt` not covered[0m
     [1m[94m|[0m
[1m[92mnote[0m: `hir::Type` defined here
    [1m[94m--> [0mcrates/nova-sema/src/hir.rs:95:10
     [1m[94m|[0m
[1m[94m  95[0m [1m[94m|[0m pub enum Type {
     [1m[94m|[0m          [1m[92m^^^^[0m
[1m[94m...[0m
[1m[94m  99[0m [1m[94m|[0m     UInt,
     [1m[94m|[0m     [1m[94m----[0m [1m[94mnot covered[0m
     [1m[94m= [0m[1mnote[0m: the matched value is of type `&hir::Type`
[1m[96mhelp[0m: ensure that all possible cases are being handled by adding a match arm with a wildcard pattern or an explicit pattern as shown
     [1m[94m|[0m
[1m[94m1522[0m [92m~ [0m        Type::Never | Type::Error => Ok(false)[92m,[0m
[1m[94m1523[0m [92m~         &hir::Type::UInt => todo!()[0m,
     [1m[94m|[0m

[1mFor more information about this error, try `rustc --explain E0004`.[0m
[1m[91merror[0m: could not compile `nova-sema` (lib) due to 2 previous errors
[1m[33mwarning[0m: build failed, waiting for other jobs to finish...
exit=101
### cargo +1.85.0 check --workspace --all-targets --locked
[1m[32m    Checking[0m nova-source v0.1.0 (/home/runner/work/Nova/Nova/crates/nova-source)
[1m[32m    Checking[0m nova-int-semantics v0.1.0 (/home/runner/work/Nova/Nova/crates/nova-int-semantics)
[1m[32m   Compiling[0m proc-macro2 v1.0.107
[1m[32m   Compiling[0m unicode-ident v1.0.24
[1m[32m   Compiling[0m quote v1.0.47
[1m[32m   Compiling[0m serde_core v1.0.229
[1m[32m    Checking[0m nova-diagnostics v0.1.0 (/home/runner/work/Nova/Nova/crates/nova-diagnostics)
[1m[32m    Checking[0m nova-lexer v0.1.0 (/home/runner/work/Nova/Nova/crates/nova-lexer)
[1m[32m    Checking[0m nova-parser v0.1.0 (/home/runner/work/Nova/Nova/crates/nova-parser)
[1m[32m    Checking[0m nova-sema v0.1.0 (/home/runner/work/Nova/Nova/crates/nova-sema)
[1m[32m   Compiling[0m zmij v1.0.23
[1m[32m   Compiling[0m serde_json v1.0.151
[0m[1m[33mwarning[0m[0m[1m: unused variable: `ty`[0m
[0m    [0m[0m[1m[38;5;12m--> [0m[0mcrates/nova-sema/src/analyzer.rs:1798:17[0m
[0m     [0m[0m[1m[38;5;12m|[0m
[0m[1m[38;5;12m1798[0m[0m [0m[0m[1m[38;5;12m|[0m[0m [0m[0m            let ty = if payload_never {[0m
[0m     [0m[0m[1m[38;5;12m|[0m[0m                 [0m[0m[1m[33m^^[0m[0m [0m[0m[1m[33mhelp: if this is intentional, prefix it with an underscore: `_ty`[0m
[0m     [0m[0m[1m[38;5;12m|[0m
[0m     [0m[0m[1m[38;5;12m= [0m[0m[1mnote[0m[0m: `#[warn(unused_variables)]` on by default[0m

[0m[1m[38;5;9merror[E0004][0m[0m[1m: non-exhaustive patterns: `&Type::UInt` not covered[0m
[0m    [0m[0m[1m[38;5;12m--> [0m[0mcrates/nova-sema/src/constant_condition.rs:1507:11[0m
[0m     [0m[0m[1m[38;5;12m|[0m
[0m[1m[38;5;12m1507[0m[0m [0m[0m[1m[38;5;12m|[0m[0m [0m[0m    match &expression.ty {[0m
[0m     [0m[0m[1m[38;5;12m|[0m[0m           [0m[0m[1m[38;5;9m^^^^^^^^^^^^^^[0m[0m [0m[0m[1m[38;5;9mpattern `&Type::UInt` not covered[0m
[0m     [0m[0m[1m[38;5;12m|[0m
[0m[1m[38;5;10mnote[0m[0m: `Type` defined here[0m
[0m    [0m[0m[1m[38;5;12m--> [0m[0mcrates/nova-sema/src/hir.rs:95:10[0m
[0m     [0m[0m[1m[38;5;12m|[0m
[0m[1m[38;5;12m95[0m[0m   [0m[0m[1m[38;5;12m|[0m[0m [0m[0mpub enum Type {[0m
[0m     [0m[0m[1m[38;5;12m|[0m[0m          [0m[0m[1m[38;5;10m^^^^[0m
[0m[1m[38;5;12m...[0m
[0m[1m[38;5;12m99[0m[0m   [0m[0m[1m[38;5;12m|[0m[0m [0m[0m    UInt,[0m
[0m     [0m[0m[1m[38;5;12m|[0m[0m     [0m[0m[1m[38;5;12m----[0m[0m [0m[0m[1m[38;5;12mnot covered[0m
[0m     [0m[0m[1m[38;5;12m= [0m[0m[1mnote[0m[0m: the matched value is of type `&Type`[0m
[0m[1m[38;5;14mhelp[0m[0m: ensure that all possible cases are being handled by adding a match arm with a wildcard pattern or an explicit pattern as shown[0m
[0m     [0m[0m[1m[38;5;12m|[0m
[0m[1m[38;5;12m1522[0m[0m [0m[0m[38;5;10m~ [0m[0m        Type::Never | Type::Error => Ok(false)[0m[0m[38;5;10m,[0m
[0m[1m[38;5;12m1523[0m[0m [0m[0m[38;5;10m~         &Type::UInt => todo!()[0m[0m,[0m
[0m     [0m[0m[1m[38;5;12m|[0m

[1m[32m   Compiling[0m serde v1.0.229
[0m[1mFor more information about this error, try `rustc --explain E0004`.[0m
[1m[33mwarning[0m[1m:[0m `nova-sema` (lib) generated 1 warning
[1m[31merror[0m[1m:[0m could not compile `nova-sema` (lib) due to 1 previous error; 1 warning emitted
[1m[33mwarning[0m[1m:[0m build failed, waiting for other jobs to finish...
exit=101
### cargo test --workspace --all-targets --locked
[1m[92m   Compiling[0m nova-source v0.1.0 (/home/runner/work/Nova/Nova/crates/nova-source)
[1m[92m   Compiling[0m nova-int-semantics v0.1.0 (/home/runner/work/Nova/Nova/crates/nova-int-semantics)
[1m[92m   Compiling[0m serde_core v1.0.229
[1m[92m   Compiling[0m serde_derive v1.0.229
[1m[92m   Compiling[0m zmij v1.0.23
[1m[92m   Compiling[0m nova-diagnostics v0.1.0 (/home/runner/work/Nova/Nova/crates/nova-diagnostics)
[1m[92m   Compiling[0m nova-lexer v0.1.0 (/home/runner/work/Nova/Nova/crates/nova-lexer)
[1m[92m   Compiling[0m memchr v2.8.3
[1m[92m   Compiling[0m nova-parser v0.1.0 (/home/runner/work/Nova/Nova/crates/nova-parser)
[1m[92m   Compiling[0m nova-sema v0.1.0 (/home/runner/work/Nova/Nova/crates/nova-sema)
[1m[92m   Compiling[0m itoa v1.0.18
[1m[33mwarning[0m[1m: unused variable: `ty`[0m
    [1m[94m--> [0mcrates/nova-sema/src/analyzer.rs:1798:17
     [1m[94m|[0m
[1m[94m1798[0m [1m[94m|[0m             let ty = if payload_never {
     [1m[94m|[0m                 [1m[33m^^[0m [1m[33mhelp: if this is intentional, prefix it with an underscore: `_ty`[0m
     [1m[94m|[0m
     [1m[94m= [0m[1mnote[0m: `#[warn(unused_variables)]` (part of `#[warn(unused)]`) on by default

[1m[91merror[E0004][0m[1m: non-exhaustive patterns: `&hir::Type::UInt` not covered[0m
    [1m[94m--> [0mcrates/nova-sema/src/constant_condition.rs:1507:11
     [1m[94m|[0m
[1m[94m1507[0m [1m[94m|[0m     match &expression.ty {
     [1m[94m|[0m           [1m[91m^^^^^^^^^^^^^^[0m [1m[91mpattern `&hir::Type::UInt` not covered[0m
     [1m[94m|[0m
[1m[92mnote[0m: `hir::Type` defined here
    [1m[94m--> [0mcrates/nova-sema/src/hir.rs:95:10
     [1m[94m|[0m
[1m[94m  95[0m [1m[94m|[0m pub enum Type {
     [1m[94m|[0m          [1m[92m^^^^[0m
[1m[94m...[0m
[1m[94m  99[0m [1m[94m|[0m     UInt,
     [1m[94m|[0m     [1m[94m----[0m [1m[94mnot covered[0m
     [1m[94m= [0m[1mnote[0m: the matched value is of type `&hir::Type`
[1m[96mhelp[0m: ensure that all possible cases are being handled by adding a match arm with a wildcard pattern or an explicit pattern as shown
     [1m[94m|[0m
[1m[94m1522[0m [92m~ [0m        Type::Never | Type::Error => Ok(false)[92m,[0m
[1m[94m1523[0m [92m~         &hir::Type::UInt => todo!()[0m,
     [1m[94m|[0m

[1mFor more information about this error, try `rustc --explain E0004`.[0m
[1m[33mwarning[0m: `nova-sema` (lib) generated 1 warning
[1m[91merror[0m: could not compile `nova-sema` (lib) due to 1 previous error; 1 warning emitted
[1m[33mwarning[0m: build failed, waiting for other jobs to finish...
[1m[33mwarning[0m: `nova-sema` (lib test) generated 1 warning (1 duplicate)
[1m[91merror[0m: could not compile `nova-sema` (lib test) due to 1 previous error; 1 warning emitted
exit=101
### cargo build --workspace --all-targets --locked
[1m[92m   Compiling[0m nova-sema v0.1.0 (/home/runner/work/Nova/Nova/crates/nova-sema)
[1m[92m   Compiling[0m serde v1.0.229
[1m[92m   Compiling[0m nova-parser v0.1.0 (/home/runner/work/Nova/Nova/crates/nova-parser)
[1m[92m   Compiling[0m serde_json v1.0.151
[1m[33mwarning[0m[1m: unused variable: `ty`[0m
    [1m[94m--> [0mcrates/nova-sema/src/analyzer.rs:1798:17
     [1m[94m|[0m
[1m[94m1798[0m [1m[94m|[0m             let ty = if payload_never {
     [1m[94m|[0m                 [1m[33m^^[0m [1m[33mhelp: if this is intentional, prefix it with an underscore: `_ty`[0m
     [1m[94m|[0m
     [1m[94m= [0m[1mnote[0m: `#[warn(unused_variables)]` (part of `#[warn(unused)]`) on by default

[1m[91merror[E0004][0m[1m: non-exhaustive patterns: `&hir::Type::UInt` not covered[0m
    [1m[94m--> [0mcrates/nova-sema/src/constant_condition.rs:1507:11
     [1m[94m|[0m
[1m[94m1507[0m [1m[94m|[0m     match &expression.ty {
     [1m[94m|[0m           [1m[91m^^^^^^^^^^^^^^[0m [1m[91mpattern `&hir::Type::UInt` not covered[0m
     [1m[94m|[0m
[1m[92mnote[0m: `hir::Type` defined here
    [1m[94m--> [0mcrates/nova-sema/src/hir.rs:95:10
     [1m[94m|[0m
[1m[94m  95[0m [1m[94m|[0m pub enum Type {
     [1m[94m|[0m          [1m[92m^^^^[0m
[1m[94m...[0m
[1m[94m  99[0m [1m[94m|[0m     UInt,
     [1m[94m|[0m     [1m[94m----[0m [1m[94mnot covered[0m
     [1m[94m= [0m[1mnote[0m: the matched value is of type `&hir::Type`
[1m[96mhelp[0m: ensure that all possible cases are being handled by adding a match arm with a wildcard pattern or an explicit pattern as shown
     [1m[94m|[0m
[1m[94m1522[0m [92m~ [0m        Type::Never | Type::Error => Ok(false)[92m,[0m
[1m[94m1523[0m [92m~         &hir::Type::UInt => todo!()[0m,
     [1m[94m|[0m

[1mFor more information about this error, try `rustc --explain E0004`.[0m
[1m[33mwarning[0m: `nova-sema` (lib) generated 1 warning
[1m[91merror[0m: could not compile `nova-sema` (lib) due to 1 previous error; 1 warning emitted
[1m[33mwarning[0m: build failed, waiting for other jobs to finish...
exit=101
### cargo doc
[1m[92m    Checking[0m nova-source v0.1.0 (/home/runner/work/Nova/Nova/crates/nova-source)
[1m[92m    Checking[0m nova-int-semantics v0.1.0 (/home/runner/work/Nova/Nova/crates/nova-int-semantics)
[1m[92m    Checking[0m memchr v2.8.3
[1m[92m    Checking[0m itoa v1.0.18
[1m[92m    Checking[0m serde v1.0.229
[1m[92m    Checking[0m nova-diagnostics v0.1.0 (/home/runner/work/Nova/Nova/crates/nova-diagnostics)
[1m[92m Documenting[0m nova-diagnostics v0.1.0 (/home/runner/work/Nova/Nova/crates/nova-diagnostics)
[1m[92m    Checking[0m nova-lexer v0.1.0 (/home/runner/work/Nova/Nova/crates/nova-lexer)
[1m[92m    Checking[0m nova-parser v0.1.0 (/home/runner/work/Nova/Nova/crates/nova-parser)
[1m[92m    Checking[0m nova-sema v0.1.0 (/home/runner/work/Nova/Nova/crates/nova-sema)
[1m[92m    Checking[0m serde_json v1.0.151
[1m[92m Documenting[0m nova-sema v0.1.0 (/home/runner/work/Nova/Nova/crates/nova-sema)
[1m[92m Documenting[0m nova-parser v0.1.0 (/home/runner/work/Nova/Nova/crates/nova-parser)
[1m[33mwarning[0m[1m: unused variable: `ty`[0m
    [1m[94m--> [0mcrates/nova-sema/src/analyzer.rs:1798:17
     [1m[94m|[0m
[1m[94m1798[0m [1m[94m|[0m             let ty = if payload_never {
     [1m[94m|[0m                 [1m[33m^^[0m [1m[33mhelp: if this is intentional, prefix it with an underscore: `_ty`[0m
     [1m[94m|[0m
     [1m[94m= [0m[1mnote[0m: `#[warn(unused_variables)]` (part of `#[warn(unused)]`) on by default

[1m[91merror[E0004][0m[1m: non-exhaustive patterns: `&hir::Type::UInt` not covered[0m
    [1m[94m--> [0mcrates/nova-sema/src/constant_condition.rs:1507:11
     [1m[94m|[0m
[1m[94m1507[0m [1m[94m|[0m     match &expression.ty {
     [1m[94m|[0m           [1m[91m^^^^^^^^^^^^^^[0m [1m[91mpattern `&hir::Type::UInt` not covered[0m
     [1m[94m|[0m
[1m[92mnote[0m: `hir::Type` defined here
    [1m[94m--> [0mcrates/nova-sema/src/hir.rs:95:10
     [1m[94m|[0m
[1m[94m  95[0m [1m[94m|[0m pub enum Type {
     [1m[94m|[0m          [1m[92m^^^^[0m
[1m[94m...[0m
[1m[94m  99[0m [1m[94m|[0m     UInt,
     [1m[94m|[0m     [1m[94m----[0m [1m[94mnot covered[0m
     [1m[94m= [0m[1mnote[0m: the matched value is of type `&hir::Type`
[1m[96mhelp[0m: ensure that all possible cases are being handled by adding a match arm with a wildcard pattern or an explicit pattern as shown
     [1m[94m|[0m
[1m[94m1522[0m [92m~ [0m        Type::Never | Type::Error => Ok(false)[92m,[0m
[1m[94m1523[0m [92m~         &hir::Type::UInt => todo!()[0m,
     [1m[94m|[0m

[1mFor more information about this error, try `rustc --explain E0004`.[0m
[1m[33mwarning[0m: `nova-sema` (lib) generated 1 warning
[1m[91merror[0m: could not compile `nova-sema` (lib) due to 1 previous error; 1 warning emitted
[1m[33mwarning[0m: build failed, waiting for other jobs to finish...
overall_failed=1
